../Core/Src/main.c:27:6:gpio_set_input	8	static
../Core/Src/main.c:36:6:gpio_set_output	8	static
../Core/Src/main.c:50:9:ds18b20_init	8	static
../Core/Src/main.c:72:6:write	24	static
../Core/Src/main.c:105:9:read	16	static
../Core/Src/main.c:173:5:main	8	static
../Core/Src/main.c:231:6:SystemClock_Config	128	static
../Core/Src/main.c:280:13:MX_I2C1_Init	8	static
../Core/Src/main.c:328:13:MX_SPI1_Init	8	static
../Core/Src/main.c:368:13:MX_USB_PCD_Init	8	static
../Core/Src/main.c:399:13:MX_GPIO_Init	48	static
../Core/Src/main.c:460:6:Error_Handler	4	static,ignoring_inline_asm
